// Jest Snapshot v1, https://goo.gl/fbAQLP

exports[`Hello World component With Snapshot Testing should render Hello World 1`] = `
<h1>
  Hello World
</h1>
`;
